docker.io/fluxcd/helm-controller:v0.27.0
docker.io/fluxcd/source-controller:v0.32.1
docker.io/starlingx/armada-image:stx.7.0-v1.0.0
docker.io/starlingx/n3000-opae:stx.8.0-v1.0.2
ghcr.io/helm/tiller:v2.16.9
ghcr.io/k8snetworkplumbingwg/multus-cni:v3.9.2
ghcr.io/k8snetworkplumbingwg/sriov-cni:v2.6.3
ghcr.io/k8snetworkplumbingwg/sriov-network-device-plugin:v3.5.1
k8s.gcr.io/coredns/coredns:v1.8.6
k8s.gcr.io/defaultbackend-amd64:1.5
k8s.gcr.io/etcd:3.5.3-0
k8s.gcr.io/ingress-nginx/controller:v1.1.1
k8s.gcr.io/ingress-nginx/kube-webhook-certgen:v1.1.1
k8s.gcr.io/kube-apiserver:v1.24.4
k8s.gcr.io/kube-controller-manager:v1.24.4
k8s.gcr.io/kube-proxy:v1.24.4
k8s.gcr.io/kube-scheduler:v1.24.4
k8s.gcr.io/pause:3.4.1
k8s.gcr.io/pause:3.7
quay.io/calico/cni:v3.24.0
quay.io/calico/kube-controllers:v3.24.0
quay.io/calico/node:v3.24.0
quay.io/jetstack/cert-manager-acmesolver:v1.7.1
quay.io/jetstack/cert-manager-cainjector:v1.7.1
quay.io/jetstack/cert-manager-controller:v1.7.1
quay.io/jetstack/cert-manager-ctl:v1.7.1
quay.io/jetstack/cert-manager-webhook:v1.7.1
quay.io/k8scsi/snapshot-controller:v2.0.0-rc2
quay.io/stackanetes/kubernetes-entrypoint:v0.3.1
